[Thread debugging using libthread_db enabled]
Using host libthread_db library "/usr/lib/libthread_db.so.1".
[New Thread 0xffffedc3e5e0 (LWP 3432246)]
[New Thread 0xffffecc2e5e0 (LWP 3432247)]
[Thread 0xffffedc3e5e0 (LWP 3432246) exited]
[Thread 0xffffecc2e5e0 (LWP 3432247) exited]
[New Thread 0xffffebc1e5e0 (LWP 3432250)]
[New Thread 0xffffecc2e5e0 (LWP 3432251)]
[New Thread 0xffffedc3e5e0 (LWP 3432252)]
[Detaching after fork from child process 3432254]
[New Thread 0xffffeb56e5e0 (LWP 3432255)]
[New Thread 0xffffeb35e5e0 (LWP 3432256)]
[New Thread 0xffffeb1165e0 (LWP 3432258)]
[New Thread 0xffffea01e5e0 (LWP 3432259)]
[Thread 0xffffea01e5e0 (LWP 3432259) exited]
[Thread 0xffffeb1165e0 (LWP 3432258) exited]
[Thread 0xffffeb56e5e0 (LWP 3432255) exited]
[Thread 0xffffedc3e5e0 (LWP 3432252) exited]
[Thread 0xffffecc2e5e0 (LWP 3432251) exited]
[Thread 0xffffebc1e5e0 (LWP 3432250) exited]
[Thread 0xfffff6470020 (LWP 3432180) exited]
[Thread 0xffffeb35e5e0 (LWP 3432256) exited]
[New process 3432180]

Program terminated with signal SIGKILL, Killed.
The program no longer exists.
