Cargo.lock: OK
Cargo.toml: OK
crates/editbay-ai/Cargo.toml: OK
crates/editbay-ai/src/lib.rs: OK
crates/editbay-ai/src/reference.rs: OK
crates/editbay-ai/src/runtime.rs: OK
crates/editbay-ai/src/rvm.rs: OK
crates/editbay-ai/src/sam2.rs: OK
crates/editbay-app/Cargo.toml: OK
crates/editbay-app/src/brand.rs: OK
crates/editbay-app/src/brand_ui.rs: OK
crates/editbay-app/src/catalog.rs: OK
crates/editbay-app/src/delivery_ui.rs: OK
crates/editbay-app/src/diagnostics.rs: OK
crates/editbay-app/src/lib.rs: OK
crates/editbay-app/src/main.rs: OK
crates/editbay-app/src/media_ui.rs: OK
crates/editbay-app/src/preferences.rs: OK
crates/editbay-app/src/preview.rs: OK
crates/editbay-app/src/studio.rs: OK
crates/editbay-app/src/theme.rs: OK
crates/editbay-app/src/timeline_ui.rs: OK
crates/editbay-app/src/workspace.rs: OK
crates/editbay-app/tests/brand.rs: OK
crates/editbay-app/tests/catalog.rs: OK
crates/editbay-app/tests/media.rs: OK
crates/editbay-app/tests/workspace.rs: OK
crates/editbay-audio/Cargo.toml: OK
crates/editbay-audio/src/device_worker.rs: OK
crates/editbay-audio/src/lib.rs: OK
crates/editbay-audio/src/monitor.rs: OK
crates/editbay-audio/src/sample_clock.rs: OK
crates/editbay-audio/src/sound.rs: OK
crates/editbay-audio/src/streaming.rs: OK
crates/editbay-audio/src/transport.rs: OK
crates/editbay-audio/tests/sound.rs: OK
crates/editbay-automation/Cargo.toml: OK
crates/editbay-automation/src/lib.rs: OK
crates/editbay-automation/src/main.rs: OK
crates/editbay-automation/tests/stdio.rs: OK
crates/editbay-cli/Cargo.toml: OK
crates/editbay-cli/src/main.rs: OK
crates/editbay-cli/tests/compositions.rs: OK
crates/editbay-cli/tests/media.rs: OK
crates/editbay-cli/tests/workflow.rs: OK
crates/editbay-core/Cargo.toml: OK
crates/editbay-core/src/authoring.rs: OK
crates/editbay-core/src/command.rs: OK
crates/editbay-core/src/composition.rs: OK
crates/editbay-core/src/document.rs: OK
crates/editbay-core/src/evaluation.rs: OK
crates/editbay-core/src/lib.rs: OK
crates/editbay-core/src/prepared.rs: OK
crates/editbay-core/src/sound.rs: OK
crates/editbay-core/src/storage.rs: OK
crates/editbay-core/src/time.rs: OK
crates/editbay-core/src/timeline.rs: OK
crates/editbay-core/tests/authoring.rs: OK
crates/editbay-core/tests/commands.rs: OK
crates/editbay-core/tests/compositions.rs: OK
crates/editbay-core/tests/fixtures/schema1.checkpoint: OK
crates/editbay-core/tests/prepared.rs: OK
crates/editbay-core/tests/recovery.rs: OK
crates/editbay-core/tests/reference.rs: OK
crates/editbay-core/tests/sound.rs: OK
crates/editbay-core/tests/timeline.rs: OK
crates/editbay-delivery/Cargo.toml: OK
crates/editbay-delivery/src/engine.rs: OK
crates/editbay-delivery/src/job.rs: OK
crates/editbay-delivery/src/lib.rs: OK
crates/editbay-delivery/src/worker.rs: OK
crates/editbay-lab/Cargo.toml: OK
crates/editbay-lab/src/delivery_interrupts.rs: OK
crates/editbay-lab/src/delivery_protocol.rs: OK
crates/editbay-lab/src/device_protocol.rs: OK
crates/editbay-lab/src/gpu_graph.rs: OK
crates/editbay-lab/src/inventory.rs: OK
crates/editbay-lab/src/main.rs: OK
crates/editbay-lab/src/media_ingest.rs: OK
crates/editbay-lab/src/native_workspace.rs: OK
crates/editbay-lab/src/natural_sound.rs: OK
crates/editbay-lab/src/pcm_worker.rs: OK
crates/editbay-lab/src/picture_cache.rs: OK
crates/editbay-lab/src/picture_worker.rs: OK
crates/editbay-lab/src/shared_delivery.rs: OK
crates/editbay-lab/src/sound_blocks.rs: OK
crates/editbay-lab/src/streaming_sound.rs: OK
crates/editbay-lab/src/temporal.rs: OK
crates/editbay-lab/src/timeline_evidence.rs: OK
crates/editbay-lab/tests/natural_sound.rs: OK
crates/editbay-lab/tests/pcm_worker.rs: OK
crates/editbay-lab/tests/picture_worker.rs: OK
crates/editbay-lab/tests/worker.rs: OK
crates/editbay-media/Cargo.toml: OK
crates/editbay-media/build.rs: OK
crates/editbay-media/native/codec.c: OK
crates/editbay-media/native/reader.c: OK
crates/editbay-media/src/codec_process.rs: OK
crates/editbay-media/src/delivery.rs: OK
crates/editbay-media/src/ffi.rs: OK
crates/editbay-media/src/lib.rs: OK
crates/editbay-media/src/native_job.rs: OK
crates/editbay-media/src/pcm.rs: OK
crates/editbay-media/src/pcm_worker.rs: OK
crates/editbay-media/src/picture_worker.rs: OK
crates/editbay-media/src/pictures.rs: OK
crates/editbay-media/src/planes.rs: OK
crates/editbay-media/src/source.rs: OK
crates/editbay-media/src/worker.rs: OK
crates/editbay-media/tests/aac.rs: OK
crates/editbay-media/tests/codecs.rs: OK
crates/editbay-media/tests/delivery.rs: OK
crates/editbay-media/tests/ingest.rs: OK
crates/editbay-media/tests/pcm.rs: OK
crates/editbay-media/tests/pictures.rs: OK
crates/editbay-reference/Cargo.toml: OK
crates/editbay-reference/build.rs: OK
crates/editbay-reference/native/reference.cpp: OK
crates/editbay-reference/src/lib.rs: OK
crates/editbay-render/Cargo.toml: OK
crates/editbay-render/src/compose.wgsl: OK
crates/editbay-render/src/graph.rs: OK
crates/editbay-render/src/graph.wgsl: OK
crates/editbay-render/src/lib.rs: OK
crates/editbay-render/src/presentation.rs: OK
crates/editbay-render/src/presentation.wgsl: OK
crates/editbay-render/tests/float_composition.rs: OK
crates/editbay-render/tests/graph.rs: OK
crates/editbay-render/tests/presentation.rs: OK
vendor/EDITBAY_PROVENANCE.json: OK
vendor/OMADESIGN-LICENSE-MIT: OK
vendor/README.md: OK
vendor/eframe/.cargo_vcs_info.json: OK
vendor/eframe/Cargo.toml: OK
vendor/eframe/Cargo.toml.orig: OK
vendor/eframe/LICENSE-APACHE: OK
vendor/eframe/LICENSE-MIT: OK
vendor/eframe/OMADESIGN_PATCH.md: OK
vendor/eframe/OMADESIGN_PROVENANCE.json: OK
vendor/eframe/README.md: OK
vendor/eframe/clippy.toml: OK
vendor/eframe/data/icon.png: OK
vendor/eframe/omadesign-wayland-wait.patch: OK
vendor/eframe/src/epi.rs: OK
vendor/eframe/src/icon_data.rs: OK
vendor/eframe/src/lib.rs: OK
vendor/eframe/src/native/app_icon.rs: OK
vendor/eframe/src/native/epi_integration.rs: OK
vendor/eframe/src/native/event_loop_context.rs: OK
vendor/eframe/src/native/file_storage.rs: OK
vendor/eframe/src/native/glow_integration.rs: OK
vendor/eframe/src/native/macos.rs: OK
vendor/eframe/src/native/mod.rs: OK
vendor/eframe/src/native/run.rs: OK
vendor/eframe/src/native/wgpu_integration.rs: OK
vendor/eframe/src/native/winit_integration.rs: OK
vendor/eframe/src/stopwatch.rs: OK
vendor/eframe/src/web/app_runner.rs: OK
vendor/eframe/src/web/backend.rs: OK
vendor/eframe/src/web/dropped_file.rs: OK
vendor/eframe/src/web/events.rs: OK
vendor/eframe/src/web/input.rs: OK
vendor/eframe/src/web/mod.rs: OK
vendor/eframe/src/web/panic_handler.rs: OK
vendor/eframe/src/web/screen_reader.rs: OK
vendor/eframe/src/web/storage.rs: OK
vendor/eframe/src/web/text_agent.rs: OK
vendor/eframe/src/web/web_logger.rs: OK
vendor/eframe/src/web/web_painter.rs: OK
vendor/eframe/src/web/web_painter_glow.rs: OK
vendor/eframe/src/web/web_painter_wgpu.rs: OK
vendor/eframe/src/web/web_runner.rs: OK
vendor/egui-winit/.cargo_vcs_info.json: OK
vendor/egui-winit/Cargo.toml: OK
vendor/egui-winit/Cargo.toml.orig: OK
vendor/egui-winit/LICENSE-APACHE: OK
vendor/egui-winit/LICENSE-MIT: OK
vendor/egui-winit/README.md: OK
vendor/egui-winit/clippy.toml: OK
vendor/egui-winit/src/clipboard.rs: OK
vendor/egui-winit/src/dropped_file.rs: OK
vendor/egui-winit/src/lib.rs: OK
vendor/egui-winit/src/safe_area.rs: OK
vendor/egui-winit/src/window_settings.rs: OK
