    Checking once_cell v1.21.4
    Checking linux-raw-sys v0.12.1
    Checking serde_core v1.0.229
    Checking libc v0.2.190
    Checking libm v0.2.16
    Checking log v0.4.34
    Checking rand_core v0.10.1
    Checking memchr v2.8.3
    Checking thiserror v2.0.21
    Checking foldhash v0.2.0
    Checking fastrand v2.5.0
    Checking dyn-clone v1.0.20
    Checking equivalent v1.0.2
    Checking libloading v0.8.9
    Checking pin-project-lite v0.2.17
    Checking zerocopy v0.8.59
    Checking bytemuck v1.25.2
    Checking unicode-ident v1.0.26
    Checking dlib v0.5.3
    Checking ref-cast v1.0.27
    Checking wayland-sys v0.31.11
    Checking scopeguard v1.2.0
    Checking allocator-api2 v0.2.21
    Checking lock_api v0.4.14
    Checking hashbrown v0.17.1
    Checking futures-core v0.3.34
    Checking arrayvec v0.7.8
    Checking slab v0.4.12
    Checking hashbrown v0.16.1
    Checking crossbeam-utils v0.8.23
    Checking zerofrom v0.1.8
    Checking stable_deref_trait v1.2.1
    Checking bytes v1.12.1
    Checking yoke v0.8.3
    Checking futures-io v0.3.34
    Checking tracing-core v0.1.36
    Checking zerovec v0.11.8
    Checking raw-window-handle v0.6.2
    Checking static_assertions v1.1.0
   Compiling editbay-media v0.1.0 (/home/michael/Projects/editbay/artifacts/worktrees/r2-sound-engine/crates/editbay-media)
    Checking litemap v0.8.3
    Checking scoped-tls v1.0.1
    Checking downcast-rs v1.2.1
    Checking tracing v0.1.44
    Checking either v1.18.0
    Checking writeable v0.6.4
    Checking zerotrie v0.2.5
    Checking utf8_iter v1.0.4
    Checking num-traits v0.2.19
    Checking tinystr v0.8.4
    Checking potential_utf v0.1.6
    Checking getrandom v0.4.3
    Checking cpufeatures v0.2.17
    Checking fs2 v0.4.3
    Checking errno v0.3.14
    Checking sha2 v0.10.9
    Checking icu_locale_core v2.3.0
    Checking percent-encoding v2.3.2
    Checking parking v2.2.1
    Checking icu_collections v2.3.0
    Checking serde v1.0.229
    Checking bitflags v2.13.2
    Checking uuid v1.27.0
    Checking serde_json v1.0.151
    Checking indexmap v2.14.2
    Checking signal-hook-registry v1.4.8
    Checking rustix v1.1.5
    Checking socket2 v0.6.5
    Checking mio v1.2.4
    Checking itertools v0.15.0
    Checking smallvec v1.16.2
    Checking chrono v0.4.45
    Checking parking_lot_core v0.9.12
    Checking typeid v1.0.3
    Checking icu_provider v2.3.1
    Checking simd-adler32 v0.3.10
    Checking tokio v1.53.2
    Checking parking_lot v0.12.5
    Checking icu_properties_data v2.3.0
    Checking icu_normalizer_data v2.3.0
    Checking profiling v1.0.18
    Checking icu_normalizer v2.3.0
    Checking proc-macro2 v1.0.107
    Checking futures-sink v0.3.34
    Checking rustc-hash v1.1.0
    Checking form_urlencoded v1.2.2
    Checking icu_properties v2.3.0
    Checking naga-types v30.0.1
    Checking event-listener v5.4.2
    Checking memmap2 v0.9.11
    Checking concurrent-queue v2.5.0
    Checking bit-vec v0.9.1
    Checking schemars v1.2.2
    Checking unicode-width v0.2.2
    Checking quote v1.0.47
    Checking bit-set v0.10.0
    Checking event-listener-strategy v0.5.4
    Checking getrandom v0.3.4
    Checking futures-channel v0.3.34
    Checking syn v3.0.6
    Checking spirv v0.4.0+sdk-1.4.341.0
    Checking futures-lite v2.6.1
    Checking codespan-reporting v0.13.1
    Checking winnow v1.0.4
    Checking futures-task v0.3.34
    Checking futures-util v0.3.34
    Checking half v2.7.1
    Checking idna_adapter v1.2.2
    Checking editbay-core v0.1.0 (/home/michael/Projects/editbay/artifacts/worktrees/r2-sound-engine/crates/editbay-core)
    Checking idna v1.1.0
    Checking ash v0.38.0+1.3.281
    Checking wgpu-types v30.0.1
    Checking url v2.5.8
    Checking naga v30.0.1
    Checking zcheapstr v1.1.0
    Checking enumflags2 v0.7.12
    Checking endi v1.1.1
    Checking presser v0.3.1
    Checking glow v0.17.0
    Checking khronos-egl v6.0.0
    Checking ordered-float v5.5.0
    Checking async-task v4.7.1
    Checking renderdoc-sys v1.1.0
    Checking tempfile v3.27.0
    Checking polling v3.11.0
    Checking wayland-backend v0.3.17
    Checking async-io v2.6.0
    Checking async-channel v2.5.0
    Checking zvariant_utils v4.2.0
    Checking atomic-waker v1.1.2
    Checking piper v0.2.5
    Checking async-lock v3.4.2
    Checking async-signal v0.2.14
    Checking blocking v1.7.0
    Checking async-executor v1.14.0
    Checking async-broadcast v0.7.2
    Checking async-process v2.5.0
    Checking num-integer v0.1.47
    Checking polycool v0.4.0
    Checking zvariant v5.15.0
    Checking wayland-client v0.31.15
    Checking ordered-stream v0.2.0
    Checking hex v0.4.3
    Checking xcursor v0.3.11
    Checking xkeysym v0.2.1
    Checking cursor-icon v1.2.0
    Checking linux-raw-sys v0.4.15
    Checking wayland-csd-frame v0.3.0
    Checking accesskit v0.24.1
    Checking thiserror v1.0.69
    Checking kurbo v0.13.1
    Checking ahash v0.8.12
    Checking font-types v0.12.6
    Checking rustix v0.38.44
    Checking euclid v0.22.14
    Checking color v0.3.3
    Checking linebender_resource_handle v0.1.1
    Checking guillotiere v0.7.0
    Checking arrayref v0.3.9
    Checking peniko v0.6.1
    Checking fearless_simd v0.4.1
    Checking ttf-parser v0.25.1
    Checking adler2 v2.0.1
    Checking read-fonts v0.41.0
    Checking wayland-protocols v0.32.13
    Checking wayland-cursor v0.31.14
    Checking zbus_names v4.3.4
    Checking strict-num v0.1.1
    Checking x11-dl v2.21.0
    Checking tiny-skia-path v0.11.4
    Checking zbus v5.19.0
    Checking zbus_xml v5.2.1
    Checking zbus-lockstep v0.5.2
    Checking gethostname v1.1.0
    Checking emath v0.36.2
    Checking owned_ttf_parser v0.25.1
    Checking as-raw-xcb-connection v1.0.1
    Checking ab_glyph_rasterizer v0.1.10
    Checking pollster v0.4.0
    Checking x11rb-protocol v0.13.2
    Checking ecolor v0.36.2
    Checking vello_common v0.1.0
    Checking ab_glyph v0.2.32
    Checking calloop v0.13.0
    Checking tiny-skia v0.11.4
    Checking calloop-wayland-source v0.3.0
    Checking unicode-general-category v1.1.0
    Checking crc32fast v1.5.2
    Checking miniz_oxide v0.9.1
    Checking num-complex v0.4.6
    Checking epaint_default_fonts v0.36.2
    Checking self_cell v1.3.0
    Checking rawpointer v0.2.1
    Checking siphasher v1.0.3
    Checking unicode-segmentation v1.13.3
    Checking nohash-hasher v0.2.0
    Checking matrixmultiply v0.3.11
    Checking phf_shared v0.13.1
    Checking flate2 v1.1.10
    Checking miniz_oxide v0.8.9
    Checking xkbcommon-dl v0.4.2
    Checking vello_cpu v0.1.0
    Checking fdeflate v0.3.7
    Checking wgpu-naga-bridge v30.0.1
    Checking ron v0.12.2
    Checking nom v8.0.0
    Checking smol_str v0.2.2
    Checking dpi v0.1.2
    Checking pxfm v0.1.30
    Checking png v0.18.1
    Checking ndarray v0.17.2
    Checking phf v0.13.1
    Checking accesskit_consumer v0.36.0
    Checking wayland-protocols-wlr v0.3.12
    Checking wayland-protocols-plasma v0.3.12
    Checking atspi-common v0.13.0
    Checking anyhow v1.0.104
    Checking gpu-allocator v0.28.0
    Checking calloop v0.14.5
    Checking smithay-client-toolkit v0.19.2
    Checking wgpu-hal v30.0.1
    Checking moxcms v0.8.1
    Checking nom-language v0.1.0
    Checking sctk-adwaita v0.10.1
    Checking string-interner v0.20.0
    Checking strength_reduce v0.2.4
    Checking downcast-rs v2.0.2
    Checking byteorder-lite v0.1.0
    Checking skrifa v0.44.0
    Checking harfrust v0.12.0
    Checking dyn-hash v1.0.0
    Checking maplit v1.0.2
    Checking inventory v0.3.24
    Checking lazy_static v1.5.1
    Checking transpose v0.2.3
    Checking calloop-wayland-source v0.4.1
    Checking wayland-protocols-experimental v20250721.0.1
    Checking wayland-protocols-misc v0.3.12
    Checking primal-check v0.3.4
    Checking byteorder v1.5.0
    Checking bit-vec v0.10.1
    Checking smithay-client-toolkit v0.20.0
    Checking rustfft v6.4.1
    Checking bit-set v0.11.1
    Checking erased-serde v0.4.10
    Checking wgpu-core-deps-windows-linux-android v30.0.1
    Checking web-time v1.1.0
    Checking tract-data v0.23.8
    Checking anymap3 v1.1.0
    Checking wgpu-core v30.0.1
    Checking glutin_egl_sys v0.7.1
    Checking glutin_glx_sys v0.6.1
    Checking smithay-clipboard v0.7.3
    Checking xattr v1.6.1
    Checking webbrowser v1.2.4
    Checking ppv-lite86 v0.2.21
    Checking image v0.25.10
    Checking rand_core v0.9.5
    Checking rmp v0.8.15
    Checking filetime v0.2.29
    Checking rustc-hash v2.1.3
    Checking same-file v1.0.6
    Checking tract-linalg v0.23.8
    Checking type-map v0.5.1
    Checking walkdir v2.5.0
    Checking rmp-serde v1.3.1
    Checking tar v0.4.46
    Checking rand_chacha v0.9.0
    Checking glutin v0.32.3
    Checking crossbeam-epoch v0.9.21
    Checking atspi-proxies v0.13.0
    Checking epaint v0.36.2
    Checking accesskit_atspi_common v0.18.1
    Checking serde_bytes v0.11.19
    Checking crossbeam-deque v0.8.8
    Checking rand v0.9.5
    Checking chacha20 v0.10.2
    Checking pollster v1.0.1
    Checking rayon-core v1.13.0
    Checking rand v0.10.3
    Checking ashpd v0.11.1
    Checking alsa-sys v0.3.1
    Checking urlencoding v2.1.3
    Checking rayon v1.12.0
    Checking x11rb v0.13.2
    Checking num-bigint v0.4.8
    Checking alsa v0.9.1
    Checking rand_distr v0.6.0
    Checking atspi v0.29.0
    Checking accesskit_unix v0.21.1
    Checking tract-core v0.23.8
    Checking futures-executor v0.3.34
    Checking float-ord v0.3.2
    Checking futures v0.3.34
    Checking num-rational v0.4.2
    Checking prost v0.14.4
    Checking cpal v0.15.3
    Checking egui v0.36.1
    Checking nix v0.31.3
    Checking ort-sys v2.0.0-rc.13
   Compiling editbay-reference v0.1.0 (/home/michael/Projects/editbay/artifacts/worktrees/r2-sound-engine/crates/editbay-reference)
    Checking libloading v0.9.0
    Checking winit v0.30.13
    Checking arboard v3.6.1
    Checking ort v2.0.0-rc.13
    Checking tokio-stream v0.1.19
    Checking wgpu v30.0.1
    Checking tokio-util v0.7.19
    Checking process-wrap v10.0.1
    Checking editbay-audio v0.1.0 (/home/michael/Projects/editbay/artifacts/worktrees/r2-sound-engine/crates/editbay-audio)
    Checking option-ext v0.2.0
    Checking dirs-sys v0.5.0
error: the loop variable `channel` is used to index `out`
   --> crates/editbay-audio/src/sound.rs:184:36
    |
184 |                     for channel in 0..channels {
    |                                    ^^^^^^^^^^^
    |
    = help: for further information visit https://rust-lang.github.io/rust-clippy/rust-1.98.0/index.html#needless_range_loop
    = note: `-D clippy::needless-range-loop` implied by `-D warnings`
    = help: to override `-D warnings` add `#[allow(clippy::needless_range_loop)]`
help: consider using an iterator and enumerate()
    |
184 -                     for channel in 0..channels {
184 +                     for (channel, <item>) in out.iter_mut().enumerate().take(channels) {
    |

error: could not compile `editbay-audio` (lib) due to 1 previous error
warning: build failed, waiting for other jobs to finish...
error: could not compile `editbay-audio` (lib test) due to 1 previous error
