    Checking editbay-media v0.1.0 (/home/michael/Projects/editbay/artifacts/worktrees/r2-sound-worker/crates/editbay-media)
    Checking editbay-render v0.1.0 (/home/michael/Projects/editbay/artifacts/worktrees/r2-sound-worker/crates/editbay-render)
    Checking editbay-audio v0.1.0 (/home/michael/Projects/editbay/artifacts/worktrees/r2-sound-worker/crates/editbay-audio)
    Checking editbay-delivery v0.1.0 (/home/michael/Projects/editbay/artifacts/worktrees/r2-sound-worker/crates/editbay-delivery)
    Checking editbay-app v0.1.0 (/home/michael/Projects/editbay/artifacts/worktrees/r2-sound-worker/crates/editbay-app)
    Checking editbay-lab v0.1.0 (/home/michael/Projects/editbay/artifacts/worktrees/r2-sound-worker/crates/editbay-lab)
    Checking editbay-cli v0.1.0 (/home/michael/Projects/editbay/artifacts/worktrees/r2-sound-worker/crates/editbay-cli)
error: items after a test module
  --> crates/editbay-media/src/pcm/store.rs:13:1
   |
13 | mod tests {
   | ^^^^^^^^^
...
80 | impl Store {
   | ^^^^^^^^^^
   |
   = help: for further information visit https://rust-lang.github.io/rust-clippy/rust-1.98.0/index.html#items_after_test_module
   = note: `-D clippy::items-after-test-module` implied by `-D warnings`
   = help: to override `-D warnings` add `#[allow(clippy::items_after_test_module)]`
   = help: move the items to before the test module was defined

error: could not compile `editbay-media` (lib test) due to 1 previous error
